Archive member included to satisfy reference by file (symbol)

c:/users/pc/downloads/gcc-arm-none-eabi-5_2-2015q4-20151219-win32/bin/../lib/gcc/arm-none-eabi/5.2.1/../../../../arm-none-eabi/lib/armv7-m\libc.a(lib_a-sniprintf.o)
                              ..\obj\main.o (sniprintf)
c:/users/pc/downloads/gcc-arm-none-eabi-5_2-2015q4-20151219-win32/bin/../lib/gcc/arm-none-eabi/5.2.1/../../../../arm-none-eabi/lib/armv7-m\libc.a(lib_a-svfiprintf.o)
                              c:/users/pc/downloads/gcc-arm-none-eabi-5_2-2015q4-20151219-win32/bin/../lib/gcc/arm-none-eabi/5.2.1/../../../../arm-none-eabi/lib/armv7-m\libc.a(lib_a-sniprintf.o) (_svfiprintf_r)
c:/users/pc/downloads/gcc-arm-none-eabi-5_2-2015q4-20151219-win32/bin/../lib/gcc/arm-none-eabi/5.2.1/../../../../arm-none-eabi/lib/armv7-m\libc.a(lib_a-freer.o)
                              c:/users/pc/downloads/gcc-arm-none-eabi-5_2-2015q4-20151219-win32/bin/../lib/gcc/arm-none-eabi/5.2.1/../../../../arm-none-eabi/lib/armv7-m\libc.a(lib_a-svfiprintf.o) (_free_r)
c:/users/pc/downloads/gcc-arm-none-eabi-5_2-2015q4-20151219-win32/bin/../lib/gcc/arm-none-eabi/5.2.1/../../../../arm-none-eabi/lib/armv7-m\libc.a(lib_a-impure.o)
                              c:/users/pc/downloads/gcc-arm-none-eabi-5_2-2015q4-20151219-win32/bin/../lib/gcc/arm-none-eabi/5.2.1/../../../../arm-none-eabi/lib/armv7-m\libc.a(lib_a-sniprintf.o) (_impure_ptr)
c:/users/pc/downloads/gcc-arm-none-eabi-5_2-2015q4-20151219-win32/bin/../lib/gcc/arm-none-eabi/5.2.1/../../../../arm-none-eabi/lib/armv7-m\libc.a(lib_a-mallocr.o)
                              c:/users/pc/downloads/gcc-arm-none-eabi-5_2-2015q4-20151219-win32/bin/../lib/gcc/arm-none-eabi/5.2.1/../../../../arm-none-eabi/lib/armv7-m\libc.a(lib_a-svfiprintf.o) (_malloc_r)
c:/users/pc/downloads/gcc-arm-none-eabi-5_2-2015q4-20151219-win32/bin/../lib/gcc/arm-none-eabi/5.2.1/../../../../arm-none-eabi/lib/armv7-m\libc.a(lib_a-memchr-stub.o)
                              c:/users/pc/downloads/gcc-arm-none-eabi-5_2-2015q4-20151219-win32/bin/../lib/gcc/arm-none-eabi/5.2.1/../../../../arm-none-eabi/lib/armv7-m\libc.a(lib_a-svfiprintf.o) (memchr)
c:/users/pc/downloads/gcc-arm-none-eabi-5_2-2015q4-20151219-win32/bin/../lib/gcc/arm-none-eabi/5.2.1/../../../../arm-none-eabi/lib/armv7-m\libc.a(lib_a-memcpy.o)
                              c:/users/pc/downloads/gcc-arm-none-eabi-5_2-2015q4-20151219-win32/bin/../lib/gcc/arm-none-eabi/5.2.1/../../../../arm-none-eabi/lib/armv7-m\libc.a(lib_a-svfiprintf.o) (memcpy)
c:/users/pc/downloads/gcc-arm-none-eabi-5_2-2015q4-20151219-win32/bin/../lib/gcc/arm-none-eabi/5.2.1/../../../../arm-none-eabi/lib/armv7-m\libc.a(lib_a-memmove.o)
                              c:/users/pc/downloads/gcc-arm-none-eabi-5_2-2015q4-20151219-win32/bin/../lib/gcc/arm-none-eabi/5.2.1/../../../../arm-none-eabi/lib/armv7-m\libc.a(lib_a-svfiprintf.o) (memmove)
c:/users/pc/downloads/gcc-arm-none-eabi-5_2-2015q4-20151219-win32/bin/../lib/gcc/arm-none-eabi/5.2.1/../../../../arm-none-eabi/lib/armv7-m\libc.a(lib_a-mlock.o)
                              c:/users/pc/downloads/gcc-arm-none-eabi-5_2-2015q4-20151219-win32/bin/../lib/gcc/arm-none-eabi/5.2.1/../../../../arm-none-eabi/lib/armv7-m\libc.a(lib_a-freer.o) (__malloc_lock)
c:/users/pc/downloads/gcc-arm-none-eabi-5_2-2015q4-20151219-win32/bin/../lib/gcc/arm-none-eabi/5.2.1/../../../../arm-none-eabi/lib/armv7-m\libc.a(lib_a-reallocr.o)
                              c:/users/pc/downloads/gcc-arm-none-eabi-5_2-2015q4-20151219-win32/bin/../lib/gcc/arm-none-eabi/5.2.1/../../../../arm-none-eabi/lib/armv7-m\libc.a(lib_a-svfiprintf.o) (_realloc_r)
c:/users/pc/downloads/gcc-arm-none-eabi-5_2-2015q4-20151219-win32/bin/../lib/gcc/arm-none-eabi/5.2.1/../../../../arm-none-eabi/lib/armv7-m\libc.a(lib_a-sbrkr.o)
                              c:/users/pc/downloads/gcc-arm-none-eabi-5_2-2015q4-20151219-win32/bin/../lib/gcc/arm-none-eabi/5.2.1/../../../../arm-none-eabi/lib/armv7-m\libc.a(lib_a-freer.o) (_sbrk_r)
c:/users/pc/downloads/gcc-arm-none-eabi-5_2-2015q4-20151219-win32/bin/../lib/gcc/arm-none-eabi/5.2.1/../../../../arm-none-eabi/lib/armv7-m\libc.a(lib_a-strlen-stub.o)
                              c:/users/pc/downloads/gcc-arm-none-eabi-5_2-2015q4-20151219-win32/bin/../lib/gcc/arm-none-eabi/5.2.1/../../../../arm-none-eabi/lib/armv7-m\libc.a(lib_a-svfiprintf.o) (strlen)
c:/users/pc/downloads/gcc-arm-none-eabi-5_2-2015q4-20151219-win32/bin/../lib/gcc/arm-none-eabi/5.2.1/../../../../arm-none-eabi/lib/armv7-m\libc.a(lib_a-reent.o)
                              c:/users/pc/downloads/gcc-arm-none-eabi-5_2-2015q4-20151219-win32/bin/../lib/gcc/arm-none-eabi/5.2.1/../../../../arm-none-eabi/lib/armv7-m\libc.a(lib_a-sbrkr.o) (errno)
c:/users/pc/downloads/gcc-arm-none-eabi-5_2-2015q4-20151219-win32/bin/../lib/gcc/arm-none-eabi/5.2.1/armv7-m\libgcc.a(_aeabi_uldivmod.o)
                              c:/users/pc/downloads/gcc-arm-none-eabi-5_2-2015q4-20151219-win32/bin/../lib/gcc/arm-none-eabi/5.2.1/../../../../arm-none-eabi/lib/armv7-m\libc.a(lib_a-svfiprintf.o) (__aeabi_uldivmod)
c:/users/pc/downloads/gcc-arm-none-eabi-5_2-2015q4-20151219-win32/bin/../lib/gcc/arm-none-eabi/5.2.1/armv7-m\libgcc.a(_udivmoddi4.o)
                              c:/users/pc/downloads/gcc-arm-none-eabi-5_2-2015q4-20151219-win32/bin/../lib/gcc/arm-none-eabi/5.2.1/armv7-m\libgcc.a(_aeabi_uldivmod.o) (__udivmoddi4)
c:/users/pc/downloads/gcc-arm-none-eabi-5_2-2015q4-20151219-win32/bin/../lib/gcc/arm-none-eabi/5.2.1/armv7-m\libgcc.a(_dvmd_tls.o)
                              c:/users/pc/downloads/gcc-arm-none-eabi-5_2-2015q4-20151219-win32/bin/../lib/gcc/arm-none-eabi/5.2.1/armv7-m\libgcc.a(_aeabi_uldivmod.o) (__aeabi_ldiv0)

Allocating common symbols
Common symbol       size              file

errno               0x4               c:/users/pc/downloads/gcc-arm-none-eabi-5_2-2015q4-20151219-win32/bin/../lib/gcc/arm-none-eabi/5.2.1/../../../../arm-none-eabi/lib/armv7-m\libc.a(lib_a-reent.o)

Discarded input sections

 .text          0x00000000        0x0 ..\obj\stm32f10x_tim.o
 .data          0x00000000        0x0 ..\obj\stm32f10x_tim.o
 .bss           0x00000000        0x0 ..\obj\stm32f10x_tim.o
 .text.TI1_Config
                0x00000000       0x74 ..\obj\stm32f10x_tim.o
 .text.TI2_Config
                0x00000000       0x78 ..\obj\stm32f10x_tim.o
 .text.TIM_DeInit
                0x00000000      0x200 ..\obj\stm32f10x_tim.o
 .text.TIM_OC4Init
                0x00000000       0x6c ..\obj\stm32f10x_tim.o
 .text.TIM_TimeBaseStructInit
                0x00000000       0x14 ..\obj\stm32f10x_tim.o
 .text.TIM_OCStructInit
                0x00000000       0x14 ..\obj\stm32f10x_tim.o
 .text.TIM_ICStructInit
                0x00000000       0x10 ..\obj\stm32f10x_tim.o
 .text.TIM_BDTRStructInit
                0x00000000       0x14 ..\obj\stm32f10x_tim.o
 .text.TIM_ITConfig
                0x00000000       0x18 ..\obj\stm32f10x_tim.o
 .text.TIM_GenerateEvent
                0x00000000        0x4 ..\obj\stm32f10x_tim.o
 .text.TIM_DMAConfig
                0x00000000        0x8 ..\obj\stm32f10x_tim.o
 .text.TIM_DMACmd
                0x00000000       0x18 ..\obj\stm32f10x_tim.o
 .text.TIM_InternalClockConfig
                0x00000000       0x10 ..\obj\stm32f10x_tim.o
 .text.TIM_ITRxExternalClockConfig
                0x00000000       0x1c ..\obj\stm32f10x_tim.o
 .text.TIM_TIxExternalClockConfig
                0x00000000       0x34 ..\obj\stm32f10x_tim.o
 .text.TIM_ETRConfig
                0x00000000       0x18 ..\obj\stm32f10x_tim.o
 .text.TIM_ETRClockMode1Config
                0x00000000       0x1c ..\obj\stm32f10x_tim.o
 .text.TIM_ETRClockMode2Config
                0x00000000       0x14 ..\obj\stm32f10x_tim.o
 .text.TIM_PrescalerConfig
                0x00000000        0x8 ..\obj\stm32f10x_tim.o
 .text.TIM_CounterModeConfig
                0x00000000       0x10 ..\obj\stm32f10x_tim.o
 .text.TIM_SelectInputTrigger
                0x00000000       0x10 ..\obj\stm32f10x_tim.o
 .text.TIM_EncoderInterfaceConfig
                0x00000000       0x3c ..\obj\stm32f10x_tim.o
 .text.TIM_ForcedOC1Config
                0x00000000       0x10 ..\obj\stm32f10x_tim.o
 .text.TIM_ForcedOC2Config
                0x00000000       0x14 ..\obj\stm32f10x_tim.o
 .text.TIM_ForcedOC3Config
                0x00000000       0x10 ..\obj\stm32f10x_tim.o
 .text.TIM_ForcedOC4Config
                0x00000000       0x14 ..\obj\stm32f10x_tim.o
 .text.TIM_ARRPreloadConfig
                0x00000000       0x1c ..\obj\stm32f10x_tim.o
 .text.TIM_SelectCOM
                0x00000000       0x1c ..\obj\stm32f10x_tim.o
 .text.TIM_SelectCCDMA
                0x00000000       0x1c ..\obj\stm32f10x_tim.o
 .text.TIM_CCPreloadControl
                0x00000000       0x1c ..\obj\stm32f10x_tim.o
 .text.TIM_OC1PreloadConfig
                0x00000000       0x10 ..\obj\stm32f10x_tim.o
 .text.TIM_OC2PreloadConfig
                0x00000000       0x14 ..\obj\stm32f10x_tim.o
 .text.TIM_OC3PreloadConfig
                0x00000000       0x10 ..\obj\stm32f10x_tim.o
 .text.TIM_OC4PreloadConfig
                0x00000000       0x14 ..\obj\stm32f10x_tim.o
 .text.TIM_OC1FastConfig
                0x00000000       0x10 ..\obj\stm32f10x_tim.o
 .text.TIM_OC2FastConfig
                0x00000000       0x14 ..\obj\stm32f10x_tim.o
 .text.TIM_OC3FastConfig
                0x00000000       0x10 ..\obj\stm32f10x_tim.o
 .text.TIM_OC4FastConfig
                0x00000000       0x14 ..\obj\stm32f10x_tim.o
 .text.TIM_ClearOC1Ref
                0x00000000       0x10 ..\obj\stm32f10x_tim.o
 .text.TIM_ClearOC2Ref
                0x00000000       0x10 ..\obj\stm32f10x_tim.o
 .text.TIM_ClearOC3Ref
                0x00000000       0x10 ..\obj\stm32f10x_tim.o
 .text.TIM_ClearOC4Ref
                0x00000000       0x10 ..\obj\stm32f10x_tim.o
 .text.TIM_OC1PolarityConfig
                0x00000000       0x10 ..\obj\stm32f10x_tim.o
 .text.TIM_OC1NPolarityConfig
                0x00000000       0x10 ..\obj\stm32f10x_tim.o
 .text.TIM_OC2PolarityConfig
                0x00000000       0x14 ..\obj\stm32f10x_tim.o
 .text.TIM_OC2NPolarityConfig
                0x00000000       0x14 ..\obj\stm32f10x_tim.o
 .text.TIM_OC3PolarityConfig
                0x00000000       0x14 ..\obj\stm32f10x_tim.o
 .text.TIM_OC3NPolarityConfig
                0x00000000       0x14 ..\obj\stm32f10x_tim.o
 .text.TIM_OC4PolarityConfig
                0x00000000       0x14 ..\obj\stm32f10x_tim.o
 .text.TIM_CCxNCmd
                0x00000000       0x20 ..\obj\stm32f10x_tim.o
 .text.TIM_UpdateDisableConfig
                0x00000000       0x1c ..\obj\stm32f10x_tim.o
 .text.TIM_UpdateRequestConfig
                0x00000000       0x1c ..\obj\stm32f10x_tim.o
 .text.TIM_SelectHallSensor
                0x00000000       0x1c ..\obj\stm32f10x_tim.o
 .text.TIM_SelectOnePulseMode
                0x00000000       0x18 ..\obj\stm32f10x_tim.o
 .text.TIM_SelectOutputTrigger
                0x00000000       0x18 ..\obj\stm32f10x_tim.o
 .text.TIM_SelectSlaveMode
                0x00000000       0x18 ..\obj\stm32f10x_tim.o
 .text.TIM_SelectMasterSlaveMode
                0x00000000       0x18 ..\obj\stm32f10x_tim.o
 .text.TIM_SetCounter
                0x00000000        0x4 ..\obj\stm32f10x_tim.o
 .text.TIM_SetAutoreload
                0x00000000        0x4 ..\obj\stm32f10x_tim.o
 .text.TIM_SetCompare1
                0x00000000        0x4 ..\obj\stm32f10x_tim.o
 .text.TIM_SetCompare2
                0x00000000        0x4 ..\obj\stm32f10x_tim.o
 .text.TIM_SetCompare3
                0x00000000        0x4 ..\obj\stm32f10x_tim.o
 .text.TIM_SetCompare4
                0x00000000        0x8 ..\obj\stm32f10x_tim.o
 .text.TIM_SetIC1Prescaler
                0x00000000       0x18 ..\obj\stm32f10x_tim.o
 .text.TIM_SetIC2Prescaler
                0x00000000       0x1c ..\obj\stm32f10x_tim.o
 .text.TIM_PWMIConfig
                0x00000000       0x68 ..\obj\stm32f10x_tim.o
 .text.TIM_SetIC3Prescaler
                0x00000000       0x18 ..\obj\stm32f10x_tim.o
 .text.TIM_SetIC4Prescaler
                0x00000000       0x1c ..\obj\stm32f10x_tim.o
 .text.TIM_ICInit
                0x00000000      0x13c ..\obj\stm32f10x_tim.o
 .text.TIM_SetClockDivision
                0x00000000       0x18 ..\obj\stm32f10x_tim.o
 .text.TIM_GetCapture1
                0x00000000        0x8 ..\obj\stm32f10x_tim.o
 .text.TIM_GetCapture2
                0x00000000        0x8 ..\obj\stm32f10x_tim.o
 .text.TIM_GetCapture3
                0x00000000        0x8 ..\obj\stm32f10x_tim.o
 .text.TIM_GetCapture4
                0x00000000        0x8 ..\obj\stm32f10x_tim.o
 .text.TIM_GetCounter
                0x00000000        0x8 ..\obj\stm32f10x_tim.o
 .text.TIM_GetPrescaler
                0x00000000        0x8 ..\obj\stm32f10x_tim.o
 .text.TIM_GetFlagStatus
                0x00000000        0xc ..\obj\stm32f10x_tim.o
 .text.TIM_ClearFlag
                0x00000000        0x8 ..\obj\stm32f10x_tim.o
 .text.TIM_GetITStatus
                0x00000000       0x18 ..\obj\stm32f10x_tim.o
 .text.TIM_ClearITPendingBit
                0x00000000        0x8 ..\obj\stm32f10x_tim.o
 .text          0x00000000        0x0 ..\obj\system_stm32f10x.o
 .data          0x00000000       0x14 ..\obj\system_stm32f10x.o
 .bss           0x00000000        0x0 ..\obj\system_stm32f10x.o
 .text.SystemCoreClockUpdate
                0x00000000       0x88 ..\obj\system_stm32f10x.o
 .text          0x00000000        0x0 ..\obj\startup_stm32f10x_md.o
 .data          0x00000000        0x0 ..\obj\startup_stm32f10x_md.o
 .bss           0x00000000        0x0 ..\obj\startup_stm32f10x_md.o
 .text          0x00000000        0x0 ..\obj\stm32f10x_gpio.o
 .data          0x00000000        0x0 ..\obj\stm32f10x_gpio.o
 .bss           0x00000000        0x0 ..\obj\stm32f10x_gpio.o
 .text.GPIO_DeInit
                0x00000000       0xcc ..\obj\stm32f10x_gpio.o
 .text.GPIO_AFIODeInit
                0x00000000       0x14 ..\obj\stm32f10x_gpio.o
 .text.GPIO_StructInit
                0x00000000       0x10 ..\obj\stm32f10x_gpio.o
 .text.GPIO_ReadOutputDataBit
                0x00000000        0xc ..\obj\stm32f10x_gpio.o
 .text.GPIO_ReadOutputData
                0x00000000        0x8 ..\obj\stm32f10x_gpio.o
 .text.GPIO_ResetBits
                0x00000000        0x4 ..\obj\stm32f10x_gpio.o
 .text.GPIO_Write
                0x00000000        0x4 ..\obj\stm32f10x_gpio.o
 .text.GPIO_PinLockConfig
                0x00000000       0x10 ..\obj\stm32f10x_gpio.o
 .text.GPIO_EventOutputConfig
                0x00000000       0x1c ..\obj\stm32f10x_gpio.o
 .text.GPIO_EventOutputCmd
                0x00000000        0xc ..\obj\stm32f10x_gpio.o
 .text.GPIO_PinRemapConfig
                0x00000000       0x6c ..\obj\stm32f10x_gpio.o
 .text.GPIO_ETH_MediaInterfaceConfig
                0x00000000        0xc ..\obj\stm32f10x_gpio.o
 .text          0x00000000        0x0 ..\obj\main.o
 .bss           0x00000000        0x0 ..\obj\main.o
 .text          0x00000000        0x0 ..\obj\stm32f10x_rcc.o
 .bss           0x00000000        0x0 ..\obj\stm32f10x_rcc.o
 .text.RCC_AdjustHSICalibrationValue
                0x00000000       0x14 ..\obj\stm32f10x_rcc.o
 .text.RCC_HSICmd
                0x00000000        0xc ..\obj\stm32f10x_rcc.o
 .text.RCC_ITConfig
                0x00000000       0x1c ..\obj\stm32f10x_rcc.o
 .text.RCC_USBCLKConfig
                0x00000000        0xc ..\obj\stm32f10x_rcc.o
 .text.RCC_LSEConfig
                0x00000000       0x28 ..\obj\stm32f10x_rcc.o
 .text.RCC_LSICmd
                0x00000000        0xc ..\obj\stm32f10x_rcc.o
 .text.RCC_RTCCLKConfig
                0x00000000       0x10 ..\obj\stm32f10x_rcc.o
 .text.RCC_RTCCLKCmd
                0x00000000        0xc ..\obj\stm32f10x_rcc.o
 .text.RCC_APB2PeriphResetCmd
                0x00000000       0x1c ..\obj\stm32f10x_rcc.o
 .text.RCC_APB1PeriphResetCmd
                0x00000000       0x1c ..\obj\stm32f10x_rcc.o
 .text.RCC_BackupResetCmd
                0x00000000        0xc ..\obj\stm32f10x_rcc.o
 .text.RCC_ClockSecuritySystemCmd
                0x00000000        0xc ..\obj\stm32f10x_rcc.o
 .text.RCC_MCOConfig
                0x00000000        0xc ..\obj\stm32f10x_rcc.o
 .text.RCC_ClearFlag
                0x00000000       0x10 ..\obj\stm32f10x_rcc.o
 .text.RCC_GetITStatus
                0x00000000       0x14 ..\obj\stm32f10x_rcc.o
 .text.RCC_ClearITPendingBit
                0x00000000        0xc ..\obj\stm32f10x_rcc.o
 .text          0x00000000        0x0 ..\obj\stm32f10x_exti.o
 .data          0x00000000        0x0 ..\obj\stm32f10x_exti.o
 .bss           0x00000000        0x0 ..\obj\stm32f10x_exti.o
 .text.EXTI_DeInit
                0x00000000       0x1c ..\obj\stm32f10x_exti.o
 .text.EXTI_StructInit
                0x00000000       0x10 ..\obj\stm32f10x_exti.o
 .text.EXTI_GenerateSWInterrupt
                0x00000000       0x10 ..\obj\stm32f10x_exti.o
 .text.EXTI_GetFlagStatus
                0x00000000       0x14 ..\obj\stm32f10x_exti.o
 .text.EXTI_ClearFlag
                0x00000000        0xc ..\obj\stm32f10x_exti.o
 .text          0x00000000        0x0 ..\obj\stm32f10x_adc.o
 .data          0x00000000        0x0 ..\obj\stm32f10x_adc.o
 .bss           0x00000000        0x0 ..\obj\stm32f10x_adc.o
 .text.ADC_DeInit
                0x00000000       0x64 ..\obj\stm32f10x_adc.o
 .text.ADC_StructInit
                0x00000000       0x14 ..\obj\stm32f10x_adc.o
 .text.ADC_ITConfig
                0x00000000       0x18 ..\obj\stm32f10x_adc.o
 .text.ADC_GetSoftwareStartConvStatus
                0x00000000        0x8 ..\obj\stm32f10x_adc.o
 .text.ADC_DiscModeChannelCountConfig
                0x00000000       0x10 ..\obj\stm32f10x_adc.o
 .text.ADC_DiscModeCmd
                0x00000000       0x18 ..\obj\stm32f10x_adc.o
 .text.ADC_ExternalTrigConvCmd
                0x00000000       0x18 ..\obj\stm32f10x_adc.o
 .text.ADC_GetConversionValue
                0x00000000        0x8 ..\obj\stm32f10x_adc.o
 .text.ADC_GetDualModeConversionValue
                0x00000000        0xc ..\obj\stm32f10x_adc.o
 .text.ADC_AutoInjectedConvCmd
                0x00000000       0x18 ..\obj\stm32f10x_adc.o
 .text.ADC_InjectedDiscModeCmd
                0x00000000       0x18 ..\obj\stm32f10x_adc.o
 .text.ADC_ExternalTrigInjectedConvConfig
                0x00000000        0xc ..\obj\stm32f10x_adc.o
 .text.ADC_ExternalTrigInjectedConvCmd
                0x00000000       0x18 ..\obj\stm32f10x_adc.o
 .text.ADC_SoftwareStartInjectedConvCmd
                0x00000000       0x18 ..\obj\stm32f10x_adc.o
 .text.ADC_GetSoftwareStartInjectedConvCmdStatus
                0x00000000        0x8 ..\obj\stm32f10x_adc.o
 .text.ADC_InjectedChannelConfig
                0x00000000       0x58 ..\obj\stm32f10x_adc.o
 .text.ADC_InjectedSequencerLengthConfig
                0x00000000       0x10 ..\obj\stm32f10x_adc.o
 .text.ADC_SetInjectedOffset
                0x00000000       0x18 ..\obj\stm32f10x_adc.o
 .text.ADC_GetInjectedConversionValue
                0x00000000       0x1c ..\obj\stm32f10x_adc.o
 .text.ADC_AnalogWatchdogCmd
                0x00000000       0x10 ..\obj\stm32f10x_adc.o
 .text.ADC_AnalogWatchdogThresholdsConfig
                0x00000000        0x8 ..\obj\stm32f10x_adc.o
 .text.ADC_AnalogWatchdogSingleChannelConfig
                0x00000000        0xc ..\obj\stm32f10x_adc.o
 .text.ADC_TempSensorVrefintCmd
                0x00000000       0x20 ..\obj\stm32f10x_adc.o
 .text.ADC_GetFlagStatus
                0x00000000        0xc ..\obj\stm32f10x_adc.o
 .text.ADC_ClearFlag
                0x00000000        0x8 ..\obj\stm32f10x_adc.o
 .text.ADC_GetITStatus
                0x00000000       0x1c ..\obj\stm32f10x_adc.o
 .text.ADC_ClearITPendingBit
                0x00000000        0x8 ..\obj\stm32f10x_adc.o
 .text          0x00000000        0x0 ..\obj\stm32f10x_usart.o
 .data          0x00000000        0x0 ..\obj\stm32f10x_usart.o
 .bss           0x00000000        0x0 ..\obj\stm32f10x_usart.o
 .text.USART_DeInit
                0x00000000       0xa4 ..\obj\stm32f10x_usart.o
 .text.USART_StructInit
                0x00000000       0x18 ..\obj\stm32f10x_usart.o
 .text.USART_ClockInit
                0x00000000       0x24 ..\obj\stm32f10x_usart.o
 .text.USART_ClockStructInit
                0x00000000        0xc ..\obj\stm32f10x_usart.o
 .text.USART_ITConfig
                0x00000000       0x38 ..\obj\stm32f10x_usart.o
 .text.USART_DMACmd
                0x00000000       0x18 ..\obj\stm32f10x_usart.o
 .text.USART_SetAddress
                0x00000000       0x18 ..\obj\stm32f10x_usart.o
 .text.USART_WakeUpConfig
                0x00000000       0x18 ..\obj\stm32f10x_usart.o
 .text.USART_ReceiverWakeUpCmd
                0x00000000       0x1c ..\obj\stm32f10x_usart.o
 .text.USART_LINBreakDetectLengthConfig
                0x00000000       0x18 ..\obj\stm32f10x_usart.o
 .text.USART_LINCmd
                0x00000000       0x1c ..\obj\stm32f10x_usart.o
 .text.USART_ReceiveData
                0x00000000        0x8 ..\obj\stm32f10x_usart.o
 .text.USART_SendBreak
                0x00000000        0xc ..\obj\stm32f10x_usart.o
 .text.USART_SetGuardTime
                0x00000000       0x14 ..\obj\stm32f10x_usart.o
 .text.USART_SetPrescaler
                0x00000000       0x14 ..\obj\stm32f10x_usart.o
 .text.USART_SmartCardCmd
                0x00000000       0x1c ..\obj\stm32f10x_usart.o
 .text.USART_SmartCardNACKCmd
                0x00000000       0x1c ..\obj\stm32f10x_usart.o
 .text.USART_HalfDuplexCmd
                0x00000000       0x1c ..\obj\stm32f10x_usart.o
 .text.USART_OverSampling8Cmd
                0x00000000       0x1c ..\obj\stm32f10x_usart.o
 .text.USART_OneBitMethodCmd
                0x00000000       0x1c ..\obj\stm32f10x_usart.o
 .text.USART_IrDAConfig
                0x00000000       0x18 ..\obj\stm32f10x_usart.o
 .text.USART_IrDACmd
                0x00000000       0x1c ..\obj\stm32f10x_usart.o
 .text.USART_ClearFlag
                0x00000000        0x8 ..\obj\stm32f10x_usart.o
 .text.USART_GetITStatus
                0x00000000       0x44 ..\obj\stm32f10x_usart.o
 .text.USART_ClearITPendingBit
                0x00000000       0x10 ..\obj\stm32f10x_usart.o
 .text          0x00000000        0x0 ..\obj\syscalls.o
 .data          0x00000000        0x0 ..\obj\syscalls.o
 .text.link     0x00000000        0x8 ..\obj\syscalls.o
 .text._close   0x00000000        0x8 ..\obj\syscalls.o
 .text._fstat   0x00000000        0xc ..\obj\syscalls.o
 .text._isatty  0x00000000        0x4 ..\obj\syscalls.o
 .text._lseek   0x00000000        0x4 ..\obj\syscalls.o
 .text._read    0x00000000        0x4 ..\obj\syscalls.o
 .text._write   0x00000000        0x4 ..\obj\syscalls.o
 .text.abort    0x00000000        0x4 ..\obj\syscalls.o
 .text          0x00000000        0x0 ..\obj\stm32f10x_dma.o
 .data          0x00000000        0x0 ..\obj\stm32f10x_dma.o
 .bss           0x00000000        0x0 ..\obj\stm32f10x_dma.o
 .text.DMA_DeInit
                0x00000000      0x128 ..\obj\stm32f10x_dma.o
 .text.DMA_StructInit
                0x00000000       0x1c ..\obj\stm32f10x_dma.o
 .text.DMA_ITConfig
                0x00000000       0x14 ..\obj\stm32f10x_dma.o
 .text.DMA_SetCurrDataCounter
                0x00000000        0x4 ..\obj\stm32f10x_dma.o
 .text.DMA_GetCurrDataCounter
                0x00000000        0x8 ..\obj\stm32f10x_dma.o
 .text.DMA_GetFlagStatus
                0x00000000       0x20 ..\obj\stm32f10x_dma.o
 .text.DMA_ClearFlag
                0x00000000       0x18 ..\obj\stm32f10x_dma.o
 .text.DMA_GetITStatus
                0x00000000       0x20 ..\obj\stm32f10x_dma.o
 .text.DMA_ClearITPendingBit
                0x00000000       0x18 ..\obj\stm32f10x_dma.o
 .text          0x00000000        0x0 ..\obj\bldc.o
 .data          0x00000000        0x0 ..\obj\bldc.o
 .text          0x00000000        0x0 ..\obj\misc.o
 .data          0x00000000        0x0 ..\obj\misc.o
 .bss           0x00000000        0x0 ..\obj\misc.o
 .text.NVIC_PriorityGroupConfig
                0x00000000       0x14 ..\obj\misc.o
 .text.NVIC_SetVectorTable
                0x00000000       0x14 ..\obj\misc.o
 .text.NVIC_SystemLPConfig
                0x00000000       0x1c ..\obj\misc.o
 .text.SysTick_CLKSourceConfig
                0x00000000       0x18 ..\obj\misc.o
 .text          0x00000000        0x0 c:/users/pc/downloads/gcc-arm-none-eabi-5_2-2015q4-20151219-win32/bin/../lib/gcc/arm-none-eabi/5.2.1/../../../../arm-none-eabi/lib/armv7-m\libc.a(lib_a-sniprintf.o)
 .data          0x00000000        0x0 c:/users/pc/downloads/gcc-arm-none-eabi-5_2-2015q4-20151219-win32/bin/../lib/gcc/arm-none-eabi/5.2.1/../../../../arm-none-eabi/lib/armv7-m\libc.a(lib_a-sniprintf.o)
 .bss           0x00000000        0x0 c:/users/pc/downloads/gcc-arm-none-eabi-5_2-2015q4-20151219-win32/bin/../lib/gcc/arm-none-eabi/5.2.1/../../../../arm-none-eabi/lib/armv7-m\libc.a(lib_a-sniprintf.o)
 .text._sniprintf_r
                0x00000000       0x8c c:/users/pc/downloads/gcc-arm-none-eabi-5_2-2015q4-20151219-win32/bin/../lib/gcc/arm-none-eabi/5.2.1/../../../../arm-none-eabi/lib/armv7-m\libc.a(lib_a-sniprintf.o)
 .text          0x00000000        0x0 c:/users/pc/downloads/gcc-arm-none-eabi-5_2-2015q4-20151219-win32/bin/../lib/gcc/arm-none-eabi/5.2.1/../../../../arm-none-eabi/lib/armv7-m\libc.a(lib_a-svfiprintf.o)
 .data          0x00000000        0x0 c:/users/pc/downloads/gcc-arm-none-eabi-5_2-2015q4-20151219-win32/bin/../lib/gcc/arm-none-eabi/5.2.1/../../../../arm-none-eabi/lib/armv7-m\libc.a(lib_a-svfiprintf.o)
 .bss           0x00000000        0x0 c:/users/pc/downloads/gcc-arm-none-eabi-5_2-2015q4-20151219-win32/bin/../lib/gcc/arm-none-eabi/5.2.1/../../../../arm-none-eabi/lib/armv7-m\libc.a(lib_a-svfiprintf.o)
 .text          0x00000000        0x0 c:/users/pc/downloads/gcc-arm-none-eabi-5_2-2015q4-20151219-win32/bin/../lib/gcc/arm-none-eabi/5.2.1/../../../../arm-none-eabi/lib/armv7-m\libc.a(lib_a-freer.o)
 .data          0x00000000        0x0 c:/users/pc/downloads/gcc-arm-none-eabi-5_2-2015q4-20151219-win32/bin/../lib/gcc/arm-none-eabi/5.2.1/../../../../arm-none-eabi/lib/armv7-m\libc.a(lib_a-freer.o)
 .bss           0x00000000        0x0 c:/users/pc/downloads/gcc-arm-none-eabi-5_2-2015q4-20151219-win32/bin/../lib/gcc/arm-none-eabi/5.2.1/../../../../arm-none-eabi/lib/armv7-m\libc.a(lib_a-freer.o)
 .text          0x00000000        0x0 c:/users/pc/downloads/gcc-arm-none-eabi-5_2-2015q4-20151219-win32/bin/../lib/gcc/arm-none-eabi/5.2.1/../../../../arm-none-eabi/lib/armv7-m\libc.a(lib_a-impure.o)
 .data          0x00000000        0x0 c:/users/pc/downloads/gcc-arm-none-eabi-5_2-2015q4-20151219-win32/bin/../lib/gcc/arm-none-eabi/5.2.1/../../../../arm-none-eabi/lib/armv7-m\libc.a(lib_a-impure.o)
 .bss           0x00000000        0x0 c:/users/pc/downloads/gcc-arm-none-eabi-5_2-2015q4-20151219-win32/bin/../lib/gcc/arm-none-eabi/5.2.1/../../../../arm-none-eabi/lib/armv7-m\libc.a(lib_a-impure.o)
 .rodata._global_impure_ptr
                0x00000000        0x4 c:/users/pc/downloads/gcc-arm-none-eabi-5_2-2015q4-20151219-win32/bin/../lib/gcc/arm-none-eabi/5.2.1/../../../../arm-none-eabi/lib/armv7-m\libc.a(lib_a-impure.o)
 .text          0x00000000        0x0 c:/users/pc/downloads/gcc-arm-none-eabi-5_2-2015q4-20151219-win32/bin/../lib/gcc/arm-none-eabi/5.2.1/../../../../arm-none-eabi/lib/armv7-m\libc.a(lib_a-mallocr.o)
 .data          0x00000000        0x0 c:/users/pc/downloads/gcc-arm-none-eabi-5_2-2015q4-20151219-win32/bin/../lib/gcc/arm-none-eabi/5.2.1/../../../../arm-none-eabi/lib/armv7-m\libc.a(lib_a-mallocr.o)
 .bss           0x00000000        0x0 c:/users/pc/downloads/gcc-arm-none-eabi-5_2-2015q4-20151219-win32/bin/../lib/gcc/arm-none-eabi/5.2.1/../../../../arm-none-eabi/lib/armv7-m\libc.a(lib_a-mallocr.o)
 .text          0x00000000        0x0 c:/users/pc/downloads/gcc-arm-none-eabi-5_2-2015q4-20151219-win32/bin/../lib/gcc/arm-none-eabi/5.2.1/../../../../arm-none-eabi/lib/armv7-m\libc.a(lib_a-memchr-stub.o)
 .data          0x00000000        0x0 c:/users/pc/downloads/gcc-arm-none-eabi-5_2-2015q4-20151219-win32/bin/../lib/gcc/arm-none-eabi/5.2.1/../../../../arm-none-eabi/lib/armv7-m\libc.a(lib_a-memchr-stub.o)
 .bss           0x00000000        0x0 c:/users/pc/downloads/gcc-arm-none-eabi-5_2-2015q4-20151219-win32/bin/../lib/gcc/arm-none-eabi/5.2.1/../../../../arm-none-eabi/lib/armv7-m\libc.a(lib_a-memchr-stub.o)
 .data          0x00000000        0x0 c:/users/pc/downloads/gcc-arm-none-eabi-5_2-2015q4-20151219-win32/bin/../lib/gcc/arm-none-eabi/5.2.1/../../../../arm-none-eabi/lib/armv7-m\libc.a(lib_a-memcpy.o)
 .bss           0x00000000        0x0 c:/users/pc/downloads/gcc-arm-none-eabi-5_2-2015q4-20151219-win32/bin/../lib/gcc/arm-none-eabi/5.2.1/../../../../arm-none-eabi/lib/armv7-m\libc.a(lib_a-memcpy.o)
 .text          0x00000000        0x0 c:/users/pc/downloads/gcc-arm-none-eabi-5_2-2015q4-20151219-win32/bin/../lib/gcc/arm-none-eabi/5.2.1/../../../../arm-none-eabi/lib/armv7-m\libc.a(lib_a-memmove.o)
 .data          0x00000000        0x0 c:/users/pc/downloads/gcc-arm-none-eabi-5_2-2015q4-20151219-win32/bin/../lib/gcc/arm-none-eabi/5.2.1/../../../../arm-none-eabi/lib/armv7-m\libc.a(lib_a-memmove.o)
 .bss           0x00000000        0x0 c:/users/pc/downloads/gcc-arm-none-eabi-5_2-2015q4-20151219-win32/bin/../lib/gcc/arm-none-eabi/5.2.1/../../../../arm-none-eabi/lib/armv7-m\libc.a(lib_a-memmove.o)
 .text          0x00000000        0x0 c:/users/pc/downloads/gcc-arm-none-eabi-5_2-2015q4-20151219-win32/bin/../lib/gcc/arm-none-eabi/5.2.1/../../../../arm-none-eabi/lib/armv7-m\libc.a(lib_a-mlock.o)
 .data          0x00000000        0x0 c:/users/pc/downloads/gcc-arm-none-eabi-5_2-2015q4-20151219-win32/bin/../lib/gcc/arm-none-eabi/5.2.1/../../../../arm-none-eabi/lib/armv7-m\libc.a(lib_a-mlock.o)
 .bss           0x00000000        0x0 c:/users/pc/downloads/gcc-arm-none-eabi-5_2-2015q4-20151219-win32/bin/../lib/gcc/arm-none-eabi/5.2.1/../../../../arm-none-eabi/lib/armv7-m\libc.a(lib_a-mlock.o)
 .text          0x00000000        0x0 c:/users/pc/downloads/gcc-arm-none-eabi-5_2-2015q4-20151219-win32/bin/../lib/gcc/arm-none-eabi/5.2.1/../../../../arm-none-eabi/lib/armv7-m\libc.a(lib_a-reallocr.o)
 .data          0x00000000        0x0 c:/users/pc/downloads/gcc-arm-none-eabi-5_2-2015q4-20151219-win32/bin/../lib/gcc/arm-none-eabi/5.2.1/../../../../arm-none-eabi/lib/armv7-m\libc.a(lib_a-reallocr.o)
 .bss           0x00000000        0x0 c:/users/pc/downloads/gcc-arm-none-eabi-5_2-2015q4-20151219-win32/bin/../lib/gcc/arm-none-eabi/5.2.1/../../../../arm-none-eabi/lib/armv7-m\libc.a(lib_a-reallocr.o)
 .text          0x00000000        0x0 c:/users/pc/downloads/gcc-arm-none-eabi-5_2-2015q4-20151219-win32/bin/../lib/gcc/arm-none-eabi/5.2.1/../../../../arm-none-eabi/lib/armv7-m\libc.a(lib_a-sbrkr.o)
 .data          0x00000000        0x0 c:/users/pc/downloads/gcc-arm-none-eabi-5_2-2015q4-20151219-win32/bin/../lib/gcc/arm-none-eabi/5.2.1/../../../../arm-none-eabi/lib/armv7-m\libc.a(lib_a-sbrkr.o)
 .bss           0x00000000        0x0 c:/users/pc/downloads/gcc-arm-none-eabi-5_2-2015q4-20151219-win32/bin/../lib/gcc/arm-none-eabi/5.2.1/../../../../arm-none-eabi/lib/armv7-m\libc.a(lib_a-sbrkr.o)
 .text          0x00000000        0x0 c:/users/pc/downloads/gcc-arm-none-eabi-5_2-2015q4-20151219-win32/bin/../lib/gcc/arm-none-eabi/5.2.1/../../../../arm-none-eabi/lib/armv7-m\libc.a(lib_a-strlen-stub.o)
 .data          0x00000000        0x0 c:/users/pc/downloads/gcc-arm-none-eabi-5_2-2015q4-20151219-win32/bin/../lib/gcc/arm-none-eabi/5.2.1/../../../../arm-none-eabi/lib/armv7-m\libc.a(lib_a-strlen-stub.o)
 .bss           0x00000000        0x0 c:/users/pc/downloads/gcc-arm-none-eabi-5_2-2015q4-20151219-win32/bin/../lib/gcc/arm-none-eabi/5.2.1/../../../../arm-none-eabi/lib/armv7-m\libc.a(lib_a-strlen-stub.o)
 .text          0x00000000        0x0 c:/users/pc/downloads/gcc-arm-none-eabi-5_2-2015q4-20151219-win32/bin/../lib/gcc/arm-none-eabi/5.2.1/../../../../arm-none-eabi/lib/armv7-m\libc.a(lib_a-reent.o)
 .data          0x00000000        0x0 c:/users/pc/downloads/gcc-arm-none-eabi-5_2-2015q4-20151219-win32/bin/../lib/gcc/arm-none-eabi/5.2.1/../../../../arm-none-eabi/lib/armv7-m\libc.a(lib_a-reent.o)
 .bss           0x00000000        0x0 c:/users/pc/downloads/gcc-arm-none-eabi-5_2-2015q4-20151219-win32/bin/../lib/gcc/arm-none-eabi/5.2.1/../../../../arm-none-eabi/lib/armv7-m\libc.a(lib_a-reent.o)
 .text.cleanup_glue
                0x00000000       0x1c c:/users/pc/downloads/gcc-arm-none-eabi-5_2-2015q4-20151219-win32/bin/../lib/gcc/arm-none-eabi/5.2.1/../../../../arm-none-eabi/lib/armv7-m\libc.a(lib_a-reent.o)
 .text._reclaim_reent
                0x00000000       0x88 c:/users/pc/downloads/gcc-arm-none-eabi-5_2-2015q4-20151219-win32/bin/../lib/gcc/arm-none-eabi/5.2.1/../../../../arm-none-eabi/lib/armv7-m\libc.a(lib_a-reent.o)
 .data          0x00000000        0x0 c:/users/pc/downloads/gcc-arm-none-eabi-5_2-2015q4-20151219-win32/bin/../lib/gcc/arm-none-eabi/5.2.1/armv7-m\libgcc.a(_aeabi_uldivmod.o)
 .bss           0x00000000        0x0 c:/users/pc/downloads/gcc-arm-none-eabi-5_2-2015q4-20151219-win32/bin/../lib/gcc/arm-none-eabi/5.2.1/armv7-m\libgcc.a(_aeabi_uldivmod.o)
 .data          0x00000000        0x0 c:/users/pc/downloads/gcc-arm-none-eabi-5_2-2015q4-20151219-win32/bin/../lib/gcc/arm-none-eabi/5.2.1/armv7-m\libgcc.a(_udivmoddi4.o)
 .bss           0x00000000        0x0 c:/users/pc/downloads/gcc-arm-none-eabi-5_2-2015q4-20151219-win32/bin/../lib/gcc/arm-none-eabi/5.2.1/armv7-m\libgcc.a(_udivmoddi4.o)
 .ARM.extab     0x00000000        0x0 c:/users/pc/downloads/gcc-arm-none-eabi-5_2-2015q4-20151219-win32/bin/../lib/gcc/arm-none-eabi/5.2.1/armv7-m\libgcc.a(_udivmoddi4.o)
 .data          0x00000000        0x0 c:/users/pc/downloads/gcc-arm-none-eabi-5_2-2015q4-20151219-win32/bin/../lib/gcc/arm-none-eabi/5.2.1/armv7-m\libgcc.a(_dvmd_tls.o)
 .bss           0x00000000        0x0 c:/users/pc/downloads/gcc-arm-none-eabi-5_2-2015q4-20151219-win32/bin/../lib/gcc/arm-none-eabi/5.2.1/armv7-m\libgcc.a(_dvmd_tls.o)

Memory Configuration

Name             Origin             Length             Attributes
rom              0x08000000         0x00010000         xr
ram              0x20000000         0x00005000         xrw
*default*        0x00000000         0xffffffff

Linker script and memory map

                0x20005000                _eram = 0x20005000

.text           0x08000000     0x3438
 *(.isr_vector)
 .isr_vector    0x08000000      0x10c ..\obj\startup_stm32f10x_md.o
                0x08000000                g_pfnVectors
 *(.text*)
 .text.TIM_TimeBaseInit
                0x0800010c       0xa0 ..\obj\stm32f10x_tim.o
                0x0800010c                TIM_TimeBaseInit
 .text.TIM_OC1Init
                0x080001ac       0x8c ..\obj\stm32f10x_tim.o
                0x080001ac                TIM_OC1Init
 .text.TIM_OC2Init
                0x08000238       0x88 ..\obj\stm32f10x_tim.o
                0x08000238                TIM_OC2Init
 .text.TIM_OC3Init
                0x080002c0       0x84 ..\obj\stm32f10x_tim.o
                0x080002c0                TIM_OC3Init
 .text.TIM_BDTRConfig
                0x08000344       0x24 ..\obj\stm32f10x_tim.o
                0x08000344                TIM_BDTRConfig
 .text.TIM_Cmd  0x08000368       0x1c ..\obj\stm32f10x_tim.o
                0x08000368                TIM_Cmd
 .text.TIM_CtrlPWMOutputs
                0x08000384       0x24 ..\obj\stm32f10x_tim.o
                0x08000384                TIM_CtrlPWMOutputs
 .text.TIM_CCxCmd
                0x080003a8       0x20 ..\obj\stm32f10x_tim.o
                0x080003a8                TIM_CCxCmd
 .text.TIM_SelectOCxM
                0x080003c8       0x4c ..\obj\stm32f10x_tim.o
                0x080003c8                TIM_SelectOCxM
 .text.SystemInit
                0x08000414      0x100 ..\obj\system_stm32f10x.o
                0x08000414                SystemInit
 .text.Default_Handler
                0x08000514        0x4 ..\obj\startup_stm32f10x_md.o
                0x08000514                EXTI2_IRQHandler
                0x08000514                DebugMon_Handler
                0x08000514                TIM1_CC_IRQHandler
                0x08000514                HardFault_Handler
                0x08000514                SysTick_Handler
                0x08000514                PVD_IRQHandler
                0x08000514                PendSV_Handler
                0x08000514                NMI_Handler
                0x08000514                EXTI3_IRQHandler
                0x08000514                EXTI0_IRQHandler
                0x08000514                I2C2_EV_IRQHandler
                0x08000514                UsageFault_Handler
                0x08000514                ADC1_2_IRQHandler
                0x08000514                SPI1_IRQHandler
                0x08000514                TAMPER_IRQHandler
                0x08000514                DMA1_Channel4_IRQHandler
                0x08000514                USART3_IRQHandler
                0x08000514                RTC_IRQHandler
                0x08000514                DMA1_Channel7_IRQHandler
                0x08000514                CAN1_RX1_IRQHandler
                0x08000514                TIM4_IRQHandler
                0x08000514                I2C1_EV_IRQHandler
                0x08000514                DMA1_Channel6_IRQHandler
                0x08000514                TIM3_IRQHandler
                0x08000514                RCC_IRQHandler
                0x08000514                TIM1_TRG_COM_IRQHandler
                0x08000514                DMA1_Channel1_IRQHandler
                0x08000514                EXTI15_10_IRQHandler
                0x08000514                SPI2_IRQHandler
                0x08000514                MemManage_Handler
                0x08000514                SVC_Handler
                0x08000514                DMA1_Channel5_IRQHandler
                0x08000514                EXTI4_IRQHandler
                0x08000514                USB_LP_CAN1_RX0_IRQHandler
                0x08000514                USB_HP_CAN1_TX_IRQHandler
                0x08000514                DMA1_Channel3_IRQHandler
                0x08000514                TIM1_UP_IRQHandler
                0x08000514                WWDG_IRQHandler
                0x08000514                TIM2_IRQHandler
                0x08000514                TIM1_BRK_IRQHandler
                0x08000514                EXTI1_IRQHandler
                0x08000514                RTCAlarm_IRQHandler
                0x08000514                USART2_IRQHandler
                0x08000514                I2C2_ER_IRQHandler
                0x08000514                DMA1_Channel2_IRQHandler
                0x08000514                CAN1_SCE_IRQHandler
                0x08000514                FLASH_IRQHandler
                0x08000514                BusFault_Handler
                0x08000514                USART1_IRQHandler
                0x08000514                I2C1_ER_IRQHandler
                0x08000514                USBWakeUp_IRQHandler
 .text.Default_Reset_Handler
                0x08000518       0x54 ..\obj\startup_stm32f10x_md.o
                0x08000518                Default_Reset_Handler
                0x08000518                Reset_Handler
 .text.GPIO_Init
                0x0800056c       0xa0 ..\obj\stm32f10x_gpio.o
                0x0800056c                GPIO_Init
 .text.GPIO_ReadInputDataBit
                0x0800060c        0xc ..\obj\stm32f10x_gpio.o
                0x0800060c                GPIO_ReadInputDataBit
 .text.GPIO_ReadInputData
                0x08000618        0x8 ..\obj\stm32f10x_gpio.o
                0x08000618                GPIO_ReadInputData
 .text.GPIO_SetBits
                0x08000620        0x4 ..\obj\stm32f10x_gpio.o
                0x08000620                GPIO_SetBits
 .text.GPIO_WriteBit
                0x08000624        0xc ..\obj\stm32f10x_gpio.o
                0x08000624                GPIO_WriteBit
 .text.GPIO_EXTILineConfig
                0x08000630       0x2c ..\obj\stm32f10x_gpio.o
                0x08000630                GPIO_EXTILineConfig
 .text.SetSysClockTo72
                0x0800065c       0x5c ..\obj\main.o
                0x0800065c                SetSysClockTo72
 .text.ADC_DMA_init
                0x080006b8       0xf0 ..\obj\main.o
                0x080006b8                ADC_DMA_init
 .text.main     0x080007a8       0xe0 ..\obj\main.o
                0x080007a8                main
 .text.RCC_DeInit
                0x08000888       0x40 ..\obj\stm32f10x_rcc.o
                0x08000888                RCC_DeInit
 .text.RCC_HSEConfig
                0x080008c8       0x3c ..\obj\stm32f10x_rcc.o
                0x080008c8                RCC_HSEConfig
 .text.RCC_PLLConfig
                0x08000904       0x14 ..\obj\stm32f10x_rcc.o
                0x08000904                RCC_PLLConfig
 .text.RCC_PLLCmd
                0x08000918        0xc ..\obj\stm32f10x_rcc.o
                0x08000918                RCC_PLLCmd
 .text.RCC_SYSCLKConfig
                0x08000924       0x14 ..\obj\stm32f10x_rcc.o
                0x08000924                RCC_SYSCLKConfig
 .text.RCC_GetSYSCLKSource
                0x08000938       0x10 ..\obj\stm32f10x_rcc.o
                0x08000938                RCC_GetSYSCLKSource
 .text.RCC_HCLKConfig
                0x08000948       0x14 ..\obj\stm32f10x_rcc.o
                0x08000948                RCC_HCLKConfig
 .text.RCC_PCLK1Config
                0x0800095c       0x14 ..\obj\stm32f10x_rcc.o
                0x0800095c                RCC_PCLK1Config
 .text.RCC_PCLK2Config
                0x08000970       0x14 ..\obj\stm32f10x_rcc.o
                0x08000970                RCC_PCLK2Config
 .text.RCC_ADCCLKConfig
                0x08000984       0x14 ..\obj\stm32f10x_rcc.o
                0x08000984                RCC_ADCCLKConfig
 .text.RCC_GetClocksFreq
                0x08000998       0xb0 ..\obj\stm32f10x_rcc.o
                0x08000998                RCC_GetClocksFreq
 .text.RCC_AHBPeriphClockCmd
                0x08000a48       0x1c ..\obj\stm32f10x_rcc.o
                0x08000a48                RCC_AHBPeriphClockCmd
 .text.RCC_APB2PeriphClockCmd
                0x08000a64       0x1c ..\obj\stm32f10x_rcc.o
                0x08000a64                RCC_APB2PeriphClockCmd
 .text.RCC_APB1PeriphClockCmd
                0x08000a80       0x1c ..\obj\stm32f10x_rcc.o
                0x08000a80                RCC_APB1PeriphClockCmd
 .text.RCC_GetFlagStatus
                0x08000a9c       0x28 ..\obj\stm32f10x_rcc.o
                0x08000a9c                RCC_GetFlagStatus
 .text.RCC_WaitForHSEStartUp
                0x08000ac4       0x34 ..\obj\stm32f10x_rcc.o
                0x08000ac4                RCC_WaitForHSEStartUp
 .text.EXTI_Init
                0x08000af8       0x90 ..\obj\stm32f10x_exti.o
                0x08000af8                EXTI_Init
 .text.EXTI_GetITStatus
                0x08000b88       0x1c ..\obj\stm32f10x_exti.o
                0x08000b88                EXTI_GetITStatus
 .text.EXTI_ClearITPendingBit
                0x08000ba4        0xc ..\obj\stm32f10x_exti.o
                0x08000ba4                EXTI_ClearITPendingBit
 .text.ADC_Init
                0x08000bb0       0x48 ..\obj\stm32f10x_adc.o
                0x08000bb0                ADC_Init
 .text.ADC_Cmd  0x08000bf8       0x18 ..\obj\stm32f10x_adc.o
                0x08000bf8                ADC_Cmd
 .text.ADC_DMACmd
                0x08000c10       0x18 ..\obj\stm32f10x_adc.o
                0x08000c10                ADC_DMACmd
 .text.ADC_ResetCalibration
                0x08000c28        0xc ..\obj\stm32f10x_adc.o
                0x08000c28                ADC_ResetCalibration
 .text.ADC_GetResetCalibrationStatus
                0x08000c34        0x8 ..\obj\stm32f10x_adc.o
                0x08000c34                ADC_GetResetCalibrationStatus
 .text.ADC_StartCalibration
                0x08000c3c        0xc ..\obj\stm32f10x_adc.o
                0x08000c3c                ADC_StartCalibration
 .text.ADC_GetCalibrationStatus
                0x08000c48        0x8 ..\obj\stm32f10x_adc.o
                0x08000c48                ADC_GetCalibrationStatus
 .text.ADC_SoftwareStartConvCmd
                0x08000c50       0x18 ..\obj\stm32f10x_adc.o
                0x08000c50                ADC_SoftwareStartConvCmd
 .text.ADC_RegularChannelConfig
                0x08000c68       0x90 ..\obj\stm32f10x_adc.o
                0x08000c68                ADC_RegularChannelConfig
 .text.USART_Init
                0x08000cf8       0xb8 ..\obj\stm32f10x_usart.o
                0x08000cf8                USART_Init
 .text.USART_Cmd
                0x08000db0       0x1c ..\obj\stm32f10x_usart.o
                0x08000db0                USART_Cmd
 .text.USART_SendData
                0x08000dcc        0x8 ..\obj\stm32f10x_usart.o
                0x08000dcc                USART_SendData
 .text.USART_GetFlagStatus
                0x08000dd4        0xc ..\obj\stm32f10x_usart.o
                0x08000dd4                USART_GetFlagStatus
 .text._sbrk    0x08000de0       0x20 ..\obj\syscalls.o
                0x08000de0                _sbrk
 .text.DMA_Init
                0x08000e00       0x40 ..\obj\stm32f10x_dma.o
                0x08000e00                DMA_Init
 .text.DMA_Cmd  0x08000e40       0x1c ..\obj\stm32f10x_dma.o
                0x08000e40                DMA_Cmd
 .text.BLDC_HallSensorsInit
                0x08000e5c       0x7c ..\obj\bldc.o
                0x08000e5c                BLDC_HallSensorsInit
 .text.BLDC_PWMTimerInit
                0x08000ed8      0x100 ..\obj\bldc.o
                0x08000ed8                BLDC_PWMTimerInit
 .text.BLDC_HallSensorsGetPosition
                0x08000fd8       0x14 ..\obj\bldc.o
                0x08000fd8                BLDC_HallSensorsGetPosition
 .text.BLDC_MotorGetSpin
                0x08000fec        0xc ..\obj\bldc.o
                0x08000fec                BLDC_MotorGetSpin
 .text.BLDC_MotorSetSpin
                0x08000ff8        0xc ..\obj\bldc.o
                0x08000ff8                BLDC_MotorSetSpin
 .text.BLDC_MotorCommutation
                0x08001004      0x19c ..\obj\bldc.o
                0x08001004                BLDC_MotorCommutation
 .text.EXTI9_5_IRQHandler
                0x080011a0       0x48 ..\obj\bldc.o
                0x080011a0                EXTI9_5_IRQHandler
 .text.BLDC_ADCToPWM
                0x080011e8       0x38 ..\obj\bldc.o
                0x080011e8                BLDC_ADCToPWM
 .text.BLDC_SetPWM
                0x08001220       0x10 ..\obj\bldc.o
                0x08001220                BLDC_SetPWM
 .text.BLDC_MotorStop
                0x08001230        0xc ..\obj\bldc.o
                0x08001230                BLDC_MotorStop
 .text.BLDC_MotorStart
                0x0800123c       0x68 ..\obj\bldc.o
                0x0800123c                BLDC_MotorStart
 .text.BLDC_Init
                0x080012a4       0x34 ..\obj\bldc.o
                0x080012a4                BLDC_Init
 .text.USARTSend
                0x080012d8       0x2c ..\obj\bldc.o
                0x080012d8                USARTSend
 .text.usart_init
                0x08001304       0x80 ..\obj\bldc.o
                0x08001304                usart_init
 .text.NVIC_Init
                0x08001384       0x64 ..\obj\misc.o
                0x08001384                NVIC_Init
 .text.sniprintf
                0x080013e8       0x98 c:/users/pc/downloads/gcc-arm-none-eabi-5_2-2015q4-20151219-win32/bin/../lib/gcc/arm-none-eabi/5.2.1/../../../../arm-none-eabi/lib/armv7-m\libc.a(lib_a-sniprintf.o)
                0x080013e8                sniprintf
 .text.__ssprint_r
                0x08001480      0x100 c:/users/pc/downloads/gcc-arm-none-eabi-5_2-2015q4-20151219-win32/bin/../lib/gcc/arm-none-eabi/5.2.1/../../../../arm-none-eabi/lib/armv7-m\libc.a(lib_a-svfiprintf.o)
                0x08001480                __ssprint_r
 .text._svfiprintf_r
                0x08001580      0xc4c c:/users/pc/downloads/gcc-arm-none-eabi-5_2-2015q4-20151219-win32/bin/../lib/gcc/arm-none-eabi/5.2.1/../../../../arm-none-eabi/lib/armv7-m\libc.a(lib_a-svfiprintf.o)
                0x08001580                _svfiprintf_r
 .text._malloc_trim_r
                0x080021cc       0x9c c:/users/pc/downloads/gcc-arm-none-eabi-5_2-2015q4-20151219-win32/bin/../lib/gcc/arm-none-eabi/5.2.1/../../../../arm-none-eabi/lib/armv7-m\libc.a(lib_a-freer.o)
                0x080021cc                _malloc_trim_r
 .text._free_r  0x08002268      0x1d0 c:/users/pc/downloads/gcc-arm-none-eabi-5_2-2015q4-20151219-win32/bin/../lib/gcc/arm-none-eabi/5.2.1/../../../../arm-none-eabi/lib/armv7-m\libc.a(lib_a-freer.o)
                0x08002268                _free_r
 .text._malloc_r
                0x08002438      0x558 c:/users/pc/downloads/gcc-arm-none-eabi-5_2-2015q4-20151219-win32/bin/../lib/gcc/arm-none-eabi/5.2.1/../../../../arm-none-eabi/lib/armv7-m\libc.a(lib_a-mallocr.o)
                0x08002438                _malloc_r
 .text.memchr   0x08002990       0x8c c:/users/pc/downloads/gcc-arm-none-eabi-5_2-2015q4-20151219-win32/bin/../lib/gcc/arm-none-eabi/5.2.1/../../../../arm-none-eabi/lib/armv7-m\libc.a(lib_a-memchr-stub.o)
                0x08002990                memchr
 .text          0x08002a1c       0xec c:/users/pc/downloads/gcc-arm-none-eabi-5_2-2015q4-20151219-win32/bin/../lib/gcc/arm-none-eabi/5.2.1/../../../../arm-none-eabi/lib/armv7-m\libc.a(lib_a-memcpy.o)
                0x08002a1c                memcpy
 .text.memmove  0x08002b08       0xc8 c:/users/pc/downloads/gcc-arm-none-eabi-5_2-2015q4-20151219-win32/bin/../lib/gcc/arm-none-eabi/5.2.1/../../../../arm-none-eabi/lib/armv7-m\libc.a(lib_a-memmove.o)
                0x08002b08                memmove
 .text.__malloc_lock
                0x08002bd0        0x4 c:/users/pc/downloads/gcc-arm-none-eabi-5_2-2015q4-20151219-win32/bin/../lib/gcc/arm-none-eabi/5.2.1/../../../../arm-none-eabi/lib/armv7-m\libc.a(lib_a-mlock.o)
                0x08002bd0                __malloc_lock
 .text.__malloc_unlock
                0x08002bd4        0x4 c:/users/pc/downloads/gcc-arm-none-eabi-5_2-2015q4-20151219-win32/bin/../lib/gcc/arm-none-eabi/5.2.1/../../../../arm-none-eabi/lib/armv7-m\libc.a(lib_a-mlock.o)
                0x08002bd4                __malloc_unlock
 .text._realloc_r
                0x08002bd8      0x3d4 c:/users/pc/downloads/gcc-arm-none-eabi-5_2-2015q4-20151219-win32/bin/../lib/gcc/arm-none-eabi/5.2.1/../../../../arm-none-eabi/lib/armv7-m\libc.a(lib_a-reallocr.o)
                0x08002bd8                _realloc_r
 .text._sbrk_r  0x08002fac       0x24 c:/users/pc/downloads/gcc-arm-none-eabi-5_2-2015q4-20151219-win32/bin/../lib/gcc/arm-none-eabi/5.2.1/../../../../arm-none-eabi/lib/armv7-m\libc.a(lib_a-sbrkr.o)
                0x08002fac                _sbrk_r
 .text.strlen   0x08002fd0       0x5c c:/users/pc/downloads/gcc-arm-none-eabi-5_2-2015q4-20151219-win32/bin/../lib/gcc/arm-none-eabi/5.2.1/../../../../arm-none-eabi/lib/armv7-m\libc.a(lib_a-strlen-stub.o)
                0x08002fd0                strlen
 .text          0x0800302c       0x30 c:/users/pc/downloads/gcc-arm-none-eabi-5_2-2015q4-20151219-win32/bin/../lib/gcc/arm-none-eabi/5.2.1/armv7-m\libgcc.a(_aeabi_uldivmod.o)
                0x0800302c                __aeabi_uldivmod
 .text          0x0800305c      0x2ec c:/users/pc/downloads/gcc-arm-none-eabi-5_2-2015q4-20151219-win32/bin/../lib/gcc/arm-none-eabi/5.2.1/armv7-m\libgcc.a(_udivmoddi4.o)
                0x0800305c                __udivmoddi4
 .text          0x08003348        0x4 c:/users/pc/downloads/gcc-arm-none-eabi-5_2-2015q4-20151219-win32/bin/../lib/gcc/arm-none-eabi/5.2.1/armv7-m\libgcc.a(_dvmd_tls.o)
                0x08003348                __aeabi_idiv0
                0x08003348                __aeabi_ldiv0
 *(.init)
 *(.fini)
 *crtbegin.o(.ctors)
 *crtbegin?.o(.ctors)
 *(EXCLUDE_FILE(*crtend.o *crtend?.o) .ctors)
 *(SORT(.ctors.*))
 *(.ctors)
 *crtbegin.o(.dtors)
 *crtbegin?.o(.dtors)
 *(EXCLUDE_FILE(*crtend.o *crtend?.o) .dtors)
 *(SORT(.dtors.*))
 *(.dtors)
 *(.rodata*)
 .rodata.str1.4
                0x0800334c       0x37 ..\obj\main.o
 *fill*         0x08003383        0x1 
 .rodata        0x08003384       0x60 ..\obj\bldc.o
 .rodata.blanks.6951
                0x080033e4       0x10 c:/users/pc/downloads/gcc-arm-none-eabi-5_2-2015q4-20151219-win32/bin/../lib/gcc/arm-none-eabi/5.2.1/../../../../arm-none-eabi/lib/armv7-m\libc.a(lib_a-svfiprintf.o)
 .rodata.str1.4
                0x080033f4       0x2f c:/users/pc/downloads/gcc-arm-none-eabi-5_2-2015q4-20151219-win32/bin/../lib/gcc/arm-none-eabi/5.2.1/../../../../arm-none-eabi/lib/armv7-m\libc.a(lib_a-svfiprintf.o)
 *fill*         0x08003423        0x1 
 .rodata.zeroes.6952
                0x08003424       0x10 c:/users/pc/downloads/gcc-arm-none-eabi-5_2-2015q4-20151219-win32/bin/../lib/gcc/arm-none-eabi/5.2.1/../../../../arm-none-eabi/lib/armv7-m\libc.a(lib_a-svfiprintf.o)
 .rodata.str1.4
                0x08003434        0x4 c:/users/pc/downloads/gcc-arm-none-eabi-5_2-2015q4-20151219-win32/bin/../lib/gcc/arm-none-eabi/5.2.1/../../../../arm-none-eabi/lib/armv7-m\libc.a(lib_a-impure.o)
                                  0x2 (size before relaxing)
 *(.eh_fram e*)

.glue_7         0x08003438        0x0
 .glue_7        0x08003438        0x0 linker stubs

.glue_7t        0x08003438        0x0
 .glue_7t       0x08003438        0x0 linker stubs

.vfp11_veneer   0x08003438        0x0
 .vfp11_veneer  0x08003438        0x0 linker stubs

.v4_bx          0x08003438        0x0
 .v4_bx         0x08003438        0x0 linker stubs

.iplt           0x08003438        0x0
 .iplt          0x08003438        0x0 ..\obj\stm32f10x_tim.o

.ARM.extab
 *(.ARM.extab* .gnu.linkonce.armextab.*)
                0x08003438                __exidx_start = .

.ARM.exidx      0x08003438        0x8
 *(.ARM.exidx* .gnu.linkonce.armexidx.*)
 .ARM.exidx     0x08003438        0x8 c:/users/pc/downloads/gcc-arm-none-eabi-5_2-2015q4-20151219-win32/bin/../lib/gcc/arm-none-eabi/5.2.1/armv7-m\libgcc.a(_udivmoddi4.o)
                0x08003440                __exidx_end = .
                0x08003440                __etext = .
                0x08003440                _sidata = __etext

.rel.dyn        0x08003440        0x0
 .rel.iplt      0x08003440        0x0 ..\obj\stm32f10x_tim.o

.data           0x20000000      0x88c load address 0x08003440
                0x20000000                __data_start__ = .
                0x20000000                _sdata = __data_start__
 *(vtable)
 *(.data*)
 .data          0x20000000       0x36 ..\obj\main.o
                0x20000000                ADCBuffer
                0x20000004                printDataString
 *fill*         0x20000036        0x2 
 .data          0x20000038       0x14 ..\obj\stm32f10x_rcc.o
 *fill*         0x2000004c        0x4 
 .data.impure_data
                0x20000050      0x428 c:/users/pc/downloads/gcc-arm-none-eabi-5_2-2015q4-20151219-win32/bin/../lib/gcc/arm-none-eabi/5.2.1/../../../../arm-none-eabi/lib/armv7-m\libc.a(lib_a-impure.o)
 .data._impure_ptr
                0x20000478        0x4 c:/users/pc/downloads/gcc-arm-none-eabi-5_2-2015q4-20151219-win32/bin/../lib/gcc/arm-none-eabi/5.2.1/../../../../arm-none-eabi/lib/armv7-m\libc.a(lib_a-impure.o)
                0x20000478                _impure_ptr
 .data.__malloc_av_
                0x2000047c      0x408 c:/users/pc/downloads/gcc-arm-none-eabi-5_2-2015q4-20151219-win32/bin/../lib/gcc/arm-none-eabi/5.2.1/../../../../arm-none-eabi/lib/armv7-m\libc.a(lib_a-mallocr.o)
                0x2000047c                __malloc_av_
 .data.__malloc_trim_threshold
                0x20000884        0x4 c:/users/pc/downloads/gcc-arm-none-eabi-5_2-2015q4-20151219-win32/bin/../lib/gcc/arm-none-eabi/5.2.1/../../../../arm-none-eabi/lib/armv7-m\libc.a(lib_a-mallocr.o)
                0x20000884                __malloc_trim_threshold
 .data.__malloc_sbrk_base
                0x20000888        0x4 c:/users/pc/downloads/gcc-arm-none-eabi-5_2-2015q4-20151219-win32/bin/../lib/gcc/arm-none-eabi/5.2.1/../../../../arm-none-eabi/lib/armv7-m\libc.a(lib_a-mallocr.o)
                0x20000888                __malloc_sbrk_base
                0x2000088c                . = ALIGN (0x4)
                [!provide]                PROVIDE (__preinit_array_start, .)
 *(.preinit_array)
                [!provide]                PROVIDE (__preinit_array_end, .)
                0x2000088c                . = ALIGN (0x4)
                [!provide]                PROVIDE (__init_array_start, .)
 *(SORT(.init_array.*))
 *(.init_array)
                [!provide]                PROVIDE (__init_array_end, .)
                0x2000088c                . = ALIGN (0x4)
                [!provide]                PROVIDE (__fini_array_start, .)
 *(SORT(.fini_array.*))
 *(.fini_array)
                [!provide]                PROVIDE (__fini_array_end, .)
 *(.jcr*)
                0x2000088c                . = ALIGN (0x4)
                0x2000088c                __data_end__ = .
                0x2000088c                _edata = __data_end__

.igot.plt       0x2000088c        0x0 load address 0x08003ccc
 .igot.plt      0x2000088c        0x0 ..\obj\stm32f10x_tim.o

.bss            0x2000088c       0x50 load address 0x08003ccc
                0x2000088c                . = ALIGN (0x4)
                0x2000088c                __bss_start__ = .
                0x2000088c                _sbss = __bss_start__
 *(.bss*)
 .bss           0x2000088c        0x4 ..\obj\syscalls.o
 .bss           0x20000890       0x12 ..\obj\bldc.o
                0x20000890                BLDC_MotorSpin
                0x20000894                BLDC_STATE
                0x2000089c                BLDC_STATE_PREV
 *fill*         0x200008a2        0x2 
 .bss.__malloc_max_total_mem
                0x200008a4        0x4 c:/users/pc/downloads/gcc-arm-none-eabi-5_2-2015q4-20151219-win32/bin/../lib/gcc/arm-none-eabi/5.2.1/../../../../arm-none-eabi/lib/armv7-m\libc.a(lib_a-mallocr.o)
                0x200008a4                __malloc_max_total_mem
 .bss.__malloc_max_sbrked_mem
                0x200008a8        0x4 c:/users/pc/downloads/gcc-arm-none-eabi-5_2-2015q4-20151219-win32/bin/../lib/gcc/arm-none-eabi/5.2.1/../../../../arm-none-eabi/lib/armv7-m\libc.a(lib_a-mallocr.o)
                0x200008a8                __malloc_max_sbrked_mem
 .bss.__malloc_top_pad
                0x200008ac        0x4 c:/users/pc/downloads/gcc-arm-none-eabi-5_2-2015q4-20151219-win32/bin/../lib/gcc/arm-none-eabi/5.2.1/../../../../arm-none-eabi/lib/armv7-m\libc.a(lib_a-mallocr.o)
                0x200008ac                __malloc_top_pad
 .bss.__malloc_current_mallinfo
                0x200008b0       0x28 c:/users/pc/downloads/gcc-arm-none-eabi-5_2-2015q4-20151219-win32/bin/../lib/gcc/arm-none-eabi/5.2.1/../../../../arm-none-eabi/lib/armv7-m\libc.a(lib_a-mallocr.o)
                0x200008b0                __malloc_current_mallinfo
 *(COMMON)
 COMMON         0x200008d8        0x4 c:/users/pc/downloads/gcc-arm-none-eabi-5_2-2015q4-20151219-win32/bin/../lib/gcc/arm-none-eabi/5.2.1/../../../../arm-none-eabi/lib/armv7-m\libc.a(lib_a-reent.o)
                0x200008d8                errno
                0x200008dc                . = ALIGN (0x4)
                0x200008dc                __bss_end__ = .
                0x200008dc                _ebss = __bss_end__

.heap           0x200008dc        0x0
                0x200008dc                __end__ = .
                0x200008dc                _end = __end__
                0x200008dc                end = __end__
 *(.heap*)
                0x200008dc                __HeapLimit = .

.co_stack       0x200008dc      0x404 load address 0x08003d1c
                0x200008e0                . = ALIGN (0x8)
 *fill*         0x200008dc        0x4 
 *(.co_stack .co_stack.*)
 .co_stack      0x200008e0      0x400 ..\obj\startup_stm32f10x_md.o
                0x200008e0                pulStack
                0x20005000                __StackTop = (ORIGIN (ram) + LENGTH (ram))
                0x20004bfc                __StackLimit = (__StackTop - SIZEOF (.co_stack))
                [!provide]                PROVIDE (__stack, __StackTop)
                0x00000001                ASSERT ((__StackLimit >= __HeapLimit), region ram  overflowed with stack)
LOAD ..\obj\stm32f10x_tim.o
LOAD ..\obj\system_stm32f10x.o
LOAD ..\obj\startup_stm32f10x_md.o
LOAD ..\obj\stm32f10x_gpio.o
LOAD ..\obj\main.o
LOAD ..\obj\stm32f10x_rcc.o
LOAD ..\obj\stm32f10x_exti.o
LOAD ..\obj\stm32f10x_adc.o
LOAD ..\obj\stm32f10x_usart.o
LOAD ..\obj\syscalls.o
LOAD ..\obj\stm32f10x_dma.o
LOAD ..\obj\bldc.o
LOAD ..\obj\misc.o
LOAD c:/users/pc/downloads/gcc-arm-none-eabi-5_2-2015q4-20151219-win32/bin/../lib/gcc/arm-none-eabi/5.2.1/../../../../arm-none-eabi/lib/armv7-m\libm.a
LOAD c:/users/pc/downloads/gcc-arm-none-eabi-5_2-2015q4-20151219-win32/bin/../lib/gcc/arm-none-eabi/5.2.1/armv7-m\libgcc.a
LOAD c:/users/pc/downloads/gcc-arm-none-eabi-5_2-2015q4-20151219-win32/bin/../lib/gcc/arm-none-eabi/5.2.1/../../../../arm-none-eabi/lib/armv7-m\libc.a
START GROUP
LOAD c:/users/pc/downloads/gcc-arm-none-eabi-5_2-2015q4-20151219-win32/bin/../lib/gcc/arm-none-eabi/5.2.1/armv7-m\libgcc.a
LOAD c:/users/pc/downloads/gcc-arm-none-eabi-5_2-2015q4-20151219-win32/bin/../lib/gcc/arm-none-eabi/5.2.1/../../../../arm-none-eabi/lib/armv7-m\libg.a
LOAD c:/users/pc/downloads/gcc-arm-none-eabi-5_2-2015q4-20151219-win32/bin/../lib/gcc/arm-none-eabi/5.2.1/../../../../arm-none-eabi/lib/armv7-m\libc.a
END GROUP
OUTPUT(Example_BLDC.elf elf32-littlearm)

.debug_info     0x00000000     0x8006
 .debug_info    0x00000000     0x2257 ..\obj\stm32f10x_tim.o
 .debug_info    0x00002257      0x4a9 ..\obj\system_stm32f10x.o
 .debug_info    0x00002700      0x10f ..\obj\startup_stm32f10x_md.o
 .debug_info    0x0000280f      0x88f ..\obj\stm32f10x_gpio.o
 .debug_info    0x0000309e      0xb47 ..\obj\main.o
 .debug_info    0x00003be5      0x8cd ..\obj\stm32f10x_rcc.o
 .debug_info    0x000044b2      0x354 ..\obj\stm32f10x_exti.o
 .debug_info    0x00004806      0xc25 ..\obj\stm32f10x_adc.o
 .debug_info    0x0000542b      0xb24 ..\obj\stm32f10x_usart.o
 .debug_info    0x00005f4f      0x3f4 ..\obj\syscalls.o
 .debug_info    0x00006343      0x478 ..\obj\stm32f10x_dma.o
 .debug_info    0x000067bb     0x1304 ..\obj\bldc.o
 .debug_info    0x00007abf      0x547 ..\obj\misc.o

.debug_abbrev   0x00000000     0x1549
 .debug_abbrev  0x00000000      0x28c ..\obj\stm32f10x_tim.o
 .debug_abbrev  0x0000028c      0x170 ..\obj\system_stm32f10x.o
 .debug_abbrev  0x000003fc       0xd3 ..\obj\startup_stm32f10x_md.o
 .debug_abbrev  0x000004cf      0x1ed ..\obj\stm32f10x_gpio.o
 .debug_abbrev  0x000006bc      0x19e ..\obj\main.o
 .debug_abbrev  0x0000085a      0x1e2 ..\obj\stm32f10x_rcc.o
 .debug_abbrev  0x00000a3c      0x164 ..\obj\stm32f10x_exti.o
 .debug_abbrev  0x00000ba0      0x1d3 ..\obj\stm32f10x_adc.o
 .debug_abbrev  0x00000d73      0x1c6 ..\obj\stm32f10x_usart.o
 .debug_abbrev  0x00000f39       0xf4 ..\obj\syscalls.o
 .debug_abbrev  0x0000102d      0x166 ..\obj\stm32f10x_dma.o
 .debug_abbrev  0x00001193      0x260 ..\obj\bldc.o
 .debug_abbrev  0x000013f3      0x156 ..\obj\misc.o

.debug_loc      0x00000000     0x4402
 .debug_loc     0x00000000     0x1cfe ..\obj\stm32f10x_tim.o
 .debug_loc     0x00001cfe       0xe8 ..\obj\system_stm32f10x.o
 .debug_loc     0x00001de6       0x2b ..\obj\startup_stm32f10x_md.o
 .debug_loc     0x00001e11      0x508 ..\obj\stm32f10x_gpio.o
 .debug_loc     0x00002319       0x67 ..\obj\main.o
 .debug_loc     0x00002380      0x717 ..\obj\stm32f10x_rcc.o
 .debug_loc     0x00002a97      0x1bc ..\obj\stm32f10x_exti.o
 .debug_loc     0x00002c53      0xabe ..\obj\stm32f10x_adc.o
 .debug_loc     0x00003711      0x7e0 ..\obj\stm32f10x_usart.o
 .debug_loc     0x00003ef1      0x113 ..\obj\syscalls.o
 .debug_loc     0x00004004      0x183 ..\obj\stm32f10x_dma.o
 .debug_loc     0x00004187       0xee ..\obj\bldc.o
 .debug_loc     0x00004275      0x18d ..\obj\misc.o

.debug_aranges  0x00000000      0x948
 .debug_aranges
                0x00000000      0x2e0 ..\obj\stm32f10x_tim.o
 .debug_aranges
                0x000002e0       0x28 ..\obj\system_stm32f10x.o
 .debug_aranges
                0x00000308       0x28 ..\obj\startup_stm32f10x_md.o
 .debug_aranges
                0x00000330       0xa8 ..\obj\stm32f10x_gpio.o
 .debug_aranges
                0x000003d8       0x30 ..\obj\main.o
 .debug_aranges
                0x00000408      0x118 ..\obj\stm32f10x_rcc.o
 .debug_aranges
                0x00000520       0x58 ..\obj\stm32f10x_exti.o
 .debug_aranges
                0x00000578      0x138 ..\obj\stm32f10x_adc.o
 .debug_aranges
                0x000006b0      0x100 ..\obj\stm32f10x_usart.o
 .debug_aranges
                0x000007b0       0x60 ..\obj\syscalls.o
 .debug_aranges
                0x00000810       0x70 ..\obj\stm32f10x_dma.o
 .debug_aranges
                0x00000880       0x88 ..\obj\bldc.o
 .debug_aranges
                0x00000908       0x40 ..\obj\misc.o

.debug_ranges   0x00000000      0x878
 .debug_ranges  0x00000000      0x2d0 ..\obj\stm32f10x_tim.o
 .debug_ranges  0x000002d0       0x18 ..\obj\system_stm32f10x.o
 .debug_ranges  0x000002e8       0x18 ..\obj\startup_stm32f10x_md.o
 .debug_ranges  0x00000300       0x98 ..\obj\stm32f10x_gpio.o
 .debug_ranges  0x00000398       0x20 ..\obj\main.o
 .debug_ranges  0x000003b8      0x108 ..\obj\stm32f10x_rcc.o
 .debug_ranges  0x000004c0       0x48 ..\obj\stm32f10x_exti.o
 .debug_ranges  0x00000508      0x128 ..\obj\stm32f10x_adc.o
 .debug_ranges  0x00000630       0xf0 ..\obj\stm32f10x_usart.o
 .debug_ranges  0x00000720       0x50 ..\obj\syscalls.o
 .debug_ranges  0x00000770       0x60 ..\obj\stm32f10x_dma.o
 .debug_ranges  0x000007d0       0x78 ..\obj\bldc.o
 .debug_ranges  0x00000848       0x30 ..\obj\misc.o

.debug_line     0x00000000     0x3bbb
 .debug_line    0x00000000      0xb5e ..\obj\stm32f10x_tim.o
 .debug_line    0x00000b5e      0x27b ..\obj\system_stm32f10x.o
 .debug_line    0x00000dd9       0xe2 ..\obj\startup_stm32f10x_md.o
 .debug_line    0x00000ebb      0x4db ..\obj\stm32f10x_gpio.o
 .debug_line    0x00001396      0x461 ..\obj\main.o
 .debug_line    0x000017f7      0x5c3 ..\obj\stm32f10x_rcc.o
 .debug_line    0x00001dba      0x3cf ..\obj\stm32f10x_exti.o
 .debug_line    0x00002189      0x629 ..\obj\stm32f10x_adc.o
 .debug_line    0x000027b2      0x5a3 ..\obj\stm32f10x_usart.o
 .debug_line    0x00002d55      0x1c9 ..\obj\syscalls.o
 .debug_line    0x00002f1e      0x423 ..\obj\stm32f10x_dma.o
 .debug_line    0x00003341      0x506 ..\obj\bldc.o
 .debug_line    0x00003847      0x374 ..\obj\misc.o

.debug_str      0x00000000     0x30cb
 .debug_str     0x00000000      0xd9a ..\obj\stm32f10x_tim.o
                                0xe5d (size before relaxing)
 .debug_str     0x00000d9a      0x1bc ..\obj\system_stm32f10x.o
                                0x341 (size before relaxing)
 .debug_str     0x00000f56       0xff ..\obj\startup_stm32f10x_md.o
                                0x1a1 (size before relaxing)
 .debug_str     0x00001055      0x3c8 ..\obj\stm32f10x_gpio.o
                                0x582 (size before relaxing)
 .debug_str     0x0000141d      0x5a0 ..\obj\main.o
                                0x88b (size before relaxing)
 .debug_str     0x000019bd      0x2fe ..\obj\stm32f10x_rcc.o
                                0x66c (size before relaxing)
 .debug_str     0x00001cbb      0x21c ..\obj\stm32f10x_exti.o
                                0x39b (size before relaxing)
 .debug_str     0x00001ed7      0x3fa ..\obj\stm32f10x_adc.o
                                0x764 (size before relaxing)
 .debug_str     0x000022d1      0x472 ..\obj\stm32f10x_usart.o
                                0x722 (size before relaxing)
 .debug_str     0x00002743      0x1aa ..\obj\syscalls.o
                                0x371 (size before relaxing)
 .debug_str     0x000028ed      0x178 ..\obj\stm32f10x_dma.o
                                0x409 (size before relaxing)
 .debug_str     0x00002a65      0x4e4 ..\obj\bldc.o
                                0xe2d (size before relaxing)
 .debug_str     0x00002f49      0x182 ..\obj\misc.o
                                0x410 (size before relaxing)

.comment        0x00000000       0x6e
 .comment       0x00000000       0x6e ..\obj\stm32f10x_tim.o
                                 0x6f (size before relaxing)
 .comment       0x0000006e       0x6f ..\obj\system_stm32f10x.o
 .comment       0x0000006e       0x6f ..\obj\startup_stm32f10x_md.o
 .comment       0x0000006e       0x6f ..\obj\stm32f10x_gpio.o
 .comment       0x0000006e       0x6f ..\obj\main.o
 .comment       0x0000006e       0x6f ..\obj\stm32f10x_rcc.o
 .comment       0x0000006e       0x6f ..\obj\stm32f10x_exti.o
 .comment       0x0000006e       0x6f ..\obj\stm32f10x_adc.o
 .comment       0x0000006e       0x6f ..\obj\stm32f10x_usart.o
 .comment       0x0000006e       0x6f ..\obj\syscalls.o
 .comment       0x0000006e       0x6f ..\obj\stm32f10x_dma.o
 .comment       0x0000006e       0x6f ..\obj\bldc.o
 .comment       0x0000006e       0x6f ..\obj\misc.o

.ARM.attributes
                0x00000000       0x31
 .ARM.attributes
                0x00000000       0x33 ..\obj\stm32f10x_tim.o
 .ARM.attributes
                0x00000033       0x33 ..\obj\system_stm32f10x.o
 .ARM.attributes
                0x00000066       0x33 ..\obj\startup_stm32f10x_md.o
 .ARM.attributes
                0x00000099       0x33 ..\obj\stm32f10x_gpio.o
 .ARM.attributes
                0x000000cc       0x33 ..\obj\main.o
 .ARM.attributes
                0x000000ff       0x33 ..\obj\stm32f10x_rcc.o
 .ARM.attributes
                0x00000132       0x33 ..\obj\stm32f10x_exti.o
 .ARM.attributes
                0x00000165       0x33 ..\obj\stm32f10x_adc.o
 .ARM.attributes
                0x00000198       0x33 ..\obj\stm32f10x_usart.o
 .ARM.attributes
                0x000001cb       0x33 ..\obj\syscalls.o
 .ARM.attributes
                0x000001fe       0x33 ..\obj\stm32f10x_dma.o
 .ARM.attributes
                0x00000231       0x33 ..\obj\bldc.o
 .ARM.attributes
                0x00000264       0x33 ..\obj\misc.o
 .ARM.attributes
                0x00000297       0x2d c:/users/pc/downloads/gcc-arm-none-eabi-5_2-2015q4-20151219-win32/bin/../lib/gcc/arm-none-eabi/5.2.1/../../../../arm-none-eabi/lib/armv7-m\libc.a(lib_a-sniprintf.o)
 .ARM.attributes
                0x000002c4       0x2d c:/users/pc/downloads/gcc-arm-none-eabi-5_2-2015q4-20151219-win32/bin/../lib/gcc/arm-none-eabi/5.2.1/../../../../arm-none-eabi/lib/armv7-m\libc.a(lib_a-svfiprintf.o)
 .ARM.attributes
                0x000002f1       0x2d c:/users/pc/downloads/gcc-arm-none-eabi-5_2-2015q4-20151219-win32/bin/../lib/gcc/arm-none-eabi/5.2.1/../../../../arm-none-eabi/lib/armv7-m\libc.a(lib_a-freer.o)
 .ARM.attributes
                0x0000031e       0x2d c:/users/pc/downloads/gcc-arm-none-eabi-5_2-2015q4-20151219-win32/bin/../lib/gcc/arm-none-eabi/5.2.1/../../../../arm-none-eabi/lib/armv7-m\libc.a(lib_a-impure.o)
 .ARM.attributes
                0x0000034b       0x2d c:/users/pc/downloads/gcc-arm-none-eabi-5_2-2015q4-20151219-win32/bin/../lib/gcc/arm-none-eabi/5.2.1/../../../../arm-none-eabi/lib/armv7-m\libc.a(lib_a-mallocr.o)
 .ARM.attributes
                0x00000378       0x2d c:/users/pc/downloads/gcc-arm-none-eabi-5_2-2015q4-20151219-win32/bin/../lib/gcc/arm-none-eabi/5.2.1/../../../../arm-none-eabi/lib/armv7-m\libc.a(lib_a-memchr-stub.o)
 .ARM.attributes
                0x000003a5       0x1b c:/users/pc/downloads/gcc-arm-none-eabi-5_2-2015q4-20151219-win32/bin/../lib/gcc/arm-none-eabi/5.2.1/../../../../arm-none-eabi/lib/armv7-m\libc.a(lib_a-memcpy.o)
 .ARM.attributes
                0x000003c0       0x2d c:/users/pc/downloads/gcc-arm-none-eabi-5_2-2015q4-20151219-win32/bin/../lib/gcc/arm-none-eabi/5.2.1/../../../../arm-none-eabi/lib/armv7-m\libc.a(lib_a-memmove.o)
 .ARM.attributes
                0x000003ed       0x2d c:/users/pc/downloads/gcc-arm-none-eabi-5_2-2015q4-20151219-win32/bin/../lib/gcc/arm-none-eabi/5.2.1/../../../../arm-none-eabi/lib/armv7-m\libc.a(lib_a-mlock.o)
 .ARM.attributes
                0x0000041a       0x2d c:/users/pc/downloads/gcc-arm-none-eabi-5_2-2015q4-20151219-win32/bin/../lib/gcc/arm-none-eabi/5.2.1/../../../../arm-none-eabi/lib/armv7-m\libc.a(lib_a-reallocr.o)
 .ARM.attributes
                0x00000447       0x2d c:/users/pc/downloads/gcc-arm-none-eabi-5_2-2015q4-20151219-win32/bin/../lib/gcc/arm-none-eabi/5.2.1/../../../../arm-none-eabi/lib/armv7-m\libc.a(lib_a-sbrkr.o)
 .ARM.attributes
                0x00000474       0x2d c:/users/pc/downloads/gcc-arm-none-eabi-5_2-2015q4-20151219-win32/bin/../lib/gcc/arm-none-eabi/5.2.1/../../../../arm-none-eabi/lib/armv7-m\libc.a(lib_a-strlen-stub.o)
 .ARM.attributes
                0x000004a1       0x2d c:/users/pc/downloads/gcc-arm-none-eabi-5_2-2015q4-20151219-win32/bin/../lib/gcc/arm-none-eabi/5.2.1/../../../../arm-none-eabi/lib/armv7-m\libc.a(lib_a-reent.o)
 .ARM.attributes
                0x000004ce       0x1d c:/users/pc/downloads/gcc-arm-none-eabi-5_2-2015q4-20151219-win32/bin/../lib/gcc/arm-none-eabi/5.2.1/armv7-m\libgcc.a(_aeabi_uldivmod.o)
 .ARM.attributes
                0x000004eb       0x2d c:/users/pc/downloads/gcc-arm-none-eabi-5_2-2015q4-20151219-win32/bin/../lib/gcc/arm-none-eabi/5.2.1/armv7-m\libgcc.a(_udivmoddi4.o)
 .ARM.attributes
                0x00000518       0x1d c:/users/pc/downloads/gcc-arm-none-eabi-5_2-2015q4-20151219-win32/bin/../lib/gcc/arm-none-eabi/5.2.1/armv7-m\libgcc.a(_dvmd_tls.o)

.debug_frame    0x00000000     0x1768
 .debug_frame   0x00000000      0x670 ..\obj\stm32f10x_tim.o
 .debug_frame   0x00000670       0x38 ..\obj\system_stm32f10x.o
 .debug_frame   0x000006a8       0x38 ..\obj\startup_stm32f10x_md.o
 .debug_frame   0x000006e0      0x168 ..\obj\stm32f10x_gpio.o
 .debug_frame   0x00000848       0x6c ..\obj\main.o
 .debug_frame   0x000008b4      0x22c ..\obj\stm32f10x_rcc.o
 .debug_frame   0x00000ae0       0xa4 ..\obj\stm32f10x_exti.o
 .debug_frame   0x00000b84      0x294 ..\obj\stm32f10x_adc.o
 .debug_frame   0x00000e18      0x21c ..\obj\stm32f10x_usart.o
 .debug_frame   0x00001034       0xa0 ..\obj\syscalls.o
 .debug_frame   0x000010d4       0xcc ..\obj\stm32f10x_dma.o
 .debug_frame   0x000011a0      0x164 ..\obj\bldc.o
 .debug_frame   0x00001304       0x60 ..\obj\misc.o
 .debug_frame   0x00001364       0xd0 c:/users/pc/downloads/gcc-arm-none-eabi-5_2-2015q4-20151219-win32/bin/../lib/gcc/arm-none-eabi/5.2.1/../../../../arm-none-eabi/lib/armv7-m\libc.a(lib_a-sniprintf.o)
 .debug_frame   0x00001434       0x78 c:/users/pc/downloads/gcc-arm-none-eabi-5_2-2015q4-20151219-win32/bin/../lib/gcc/arm-none-eabi/5.2.1/../../../../arm-none-eabi/lib/armv7-m\libc.a(lib_a-svfiprintf.o)
 .debug_frame   0x000014ac       0x74 c:/users/pc/downloads/gcc-arm-none-eabi-5_2-2015q4-20151219-win32/bin/../lib/gcc/arm-none-eabi/5.2.1/../../../../arm-none-eabi/lib/armv7-m\libc.a(lib_a-freer.o)
 .debug_frame   0x00001520       0x54 c:/users/pc/downloads/gcc-arm-none-eabi-5_2-2015q4-20151219-win32/bin/../lib/gcc/arm-none-eabi/5.2.1/../../../../arm-none-eabi/lib/armv7-m\libc.a(lib_a-mallocr.o)
 .debug_frame   0x00001574       0x34 c:/users/pc/downloads/gcc-arm-none-eabi-5_2-2015q4-20151219-win32/bin/../lib/gcc/arm-none-eabi/5.2.1/../../../../arm-none-eabi/lib/armv7-m\libc.a(lib_a-memchr-stub.o)
 .debug_frame   0x000015a8       0x30 c:/users/pc/downloads/gcc-arm-none-eabi-5_2-2015q4-20151219-win32/bin/../lib/gcc/arm-none-eabi/5.2.1/../../../../arm-none-eabi/lib/armv7-m\libc.a(lib_a-memmove.o)
 .debug_frame   0x000015d8       0x30 c:/users/pc/downloads/gcc-arm-none-eabi-5_2-2015q4-20151219-win32/bin/../lib/gcc/arm-none-eabi/5.2.1/../../../../arm-none-eabi/lib/armv7-m\libc.a(lib_a-mlock.o)
 .debug_frame   0x00001608       0x58 c:/users/pc/downloads/gcc-arm-none-eabi-5_2-2015q4-20151219-win32/bin/../lib/gcc/arm-none-eabi/5.2.1/../../../../arm-none-eabi/lib/armv7-m\libc.a(lib_a-reallocr.o)
 .debug_frame   0x00001660       0x2c c:/users/pc/downloads/gcc-arm-none-eabi-5_2-2015q4-20151219-win32/bin/../lib/gcc/arm-none-eabi/5.2.1/../../../../arm-none-eabi/lib/armv7-m\libc.a(lib_a-sbrkr.o)
 .debug_frame   0x0000168c       0x20 c:/users/pc/downloads/gcc-arm-none-eabi-5_2-2015q4-20151219-win32/bin/../lib/gcc/arm-none-eabi/5.2.1/../../../../arm-none-eabi/lib/armv7-m\libc.a(lib_a-strlen-stub.o)
 .debug_frame   0x000016ac       0x58 c:/users/pc/downloads/gcc-arm-none-eabi-5_2-2015q4-20151219-win32/bin/../lib/gcc/arm-none-eabi/5.2.1/../../../../arm-none-eabi/lib/armv7-m\libc.a(lib_a-reent.o)
 .debug_frame   0x00001704       0x2c c:/users/pc/downloads/gcc-arm-none-eabi-5_2-2015q4-20151219-win32/bin/../lib/gcc/arm-none-eabi/5.2.1/armv7-m\libgcc.a(_aeabi_uldivmod.o)
 .debug_frame   0x00001730       0x38 c:/users/pc/downloads/gcc-arm-none-eabi-5_2-2015q4-20151219-win32/bin/../lib/gcc/arm-none-eabi/5.2.1/armv7-m\libgcc.a(_udivmoddi4.o)
